[skylaunch.click/sale/index.html]
[backblue.gif]
[fade.gif]
[index.html]
[skylaunch.finance/fav/favicon-32x32.png]
[skylaunch.click/assets/css/animate.css]
[skylaunch.click/assets/bootstrap/css/bootstrap.min.css]
[skylaunch.click/assets/css/font-awesome.min.css]
[skylaunch.click/assets/css/ionicons.min.css]
[skylaunch.click/assets/css/cryptocoins.css]
[skylaunch.click/assets/owlcarousel/css/owl.carousel.min.css]
[skylaunch.click/assets/owlcarousel/css/owl.theme.default.min.css]
[skylaunch.click/assets/css/magnific-popup.css]
[skylaunch.click/assets/css/spop.min.css]
[skylaunch.click/assets/css/style.css]
[skylaunch.click/assets/css/responsive.css]
[skylaunch.click/assets/color/theme.css]
[skylaunch.click/assets/js/qrcode.js]
[skylaunch.click/assets/images/footer_bg.png]
[skylaunch.click/assets/images/token_bg.png]
[skylaunch.click/assets/images/banner_bg2.png]
[skylaunch.finance/wp-content/uploads/2021/07/skylaunch_logo_white_01-1.png]
[img.icons8.com/material-two-tone/24/ffffff/menu--v1.png]
[skylaunch.click/assets/images/b88.png]
[skylaunch.finance/wp-content/uploads/2021/07/multi-chain-platform.png]
[skylaunch.finance/wp-content/uploads/2021/07/SKYFI-Token-2.png]
[skylaunch.click/assets/js/jquery-1.12.4.min.js]
[skylaunch.click/assets/bootstrap/js/bootstrap.min.js]
[skylaunch.click/assets/owlcarousel/js/owl.carousel.min.js]
[skylaunch.click/assets/js/magnific-popup.min.js]
[skylaunch.click/assets/js/waypoints.min.js]
[skylaunch.click/assets/js/parallax.js]
[skylaunch.click/assets/js/jquery.countdown.min.js]
[skylaunch.click/assets/js/particles.min.js]
[skylaunch.click/assets/js/jquery.dd.min.js]
[skylaunch.click/assets/js/jquery.counterup.min.js]
[skylaunch.click/assets/js/modern_canvas.js]
[skylaunch.click/assets/js/spop.min.js]
[skylaunch.click/assets/js/scripts.js]
[skylaunch.click/sale/index.html]
[skylaunch.click/assets/css/animate.css]
[skylaunch.click/assets/bootstrap/css/bootstrap.min.css]
[skylaunch.click/assets/css/font-awesome.min.css]
[skylaunch.click/assets/css/ionicons.min.css]
[skylaunch.click/assets/css/cryptocoins.css]
[skylaunch.click/assets/owlcarousel/css/owl.carousel.min.css]
[skylaunch.click/assets/owlcarousel/css/owl.theme.default.min.css]
[skylaunch.click/assets/css/magnific-popup.css]
[skylaunch.click/assets/css/spop.min.css]
[skylaunch.click/assets/css/style.css]
[skylaunch.click/assets/css/responsive.css]
[skylaunch.click/assets/color/theme.css]
